******************************************************************************
             TMS320C2000 Linker PC v5.2.15                     
******************************************************************************
>> Linked Wed Jun 19 14:25:30 2013

OUTPUT FILE NAME:   <DMA_Xintf_to_RAM.out>
ENTRY POINT SYMBOL: "_c_int00"  address: 00009752


MEMORY CONFIGURATION

         name            origin    length      used     unused   attr    fill
----------------------  --------  ---------  --------  --------  ----  --------
PAGE 0:
  BEGIN                 00000000   00000002  00000000  00000002  RWIX
  BOOT_RSVD             00000002   0000004e  00000000  0000004e  RWIX
  RAMM0                 00000050   000003b0  00000000  000003b0  RWIX
  RAML0                 00008000   00001000  00000035  00000fcb  RWIX
  RAML1                 00009000   00001000  00000858  000007a8  RWIX
  RAML2                 0000a000   00001000  00000000  00001000  RWIX
  RAML3                 0000b000   00001000  00000000  00001000  RWIX
  ZONE6A                00100000   0000fc00  00000000  0000fc00  RWIX
  CSM_RSVD              0033ff80   00000076  00000000  00000076  RWIX
  CSM_PWL               0033fff8   00000008  00000000  00000008  RWIX
  ADC_CAL               00380080   00000009  00000000  00000009  RWIX
  IQTABLES              003fe000   00000b50  00000000  00000b50  RWIX
  IQTABLES2             003feb50   0000008c  00000000  0000008c  RWIX
  FPUTABLES             003febdc   000006a0  00000000  000006a0  RWIX
  BOOTROM               003ff27c   00000d44  00000000  00000d44  RWIX
  RESET                 003fffc0   00000002  00000000  00000002  RWIX

PAGE 1:
  RAMM1                 00000400   00000400  00000320  000000e0  RWIX
  DEV_EMU               00000880   00000180  000000d0  000000b0  RWIX
  FLASH_REGS            00000a80   00000060  00000008  00000058  RWIX
  CSM                   00000ae0   00000010  00000010  00000000  RWIX
  ADC_MIRROR            00000b00   00000010  00000010  00000000  RWIX
  XINTF                 00000b20   00000020  0000001e  00000002  RWIX
  CPU_TIMER0            00000c00   00000008  00000008  00000000  RWIX
  CPU_TIMER1            00000c08   00000008  00000008  00000000  RWIX
  CPU_TIMER2            00000c10   00000008  00000008  00000000  RWIX
  PIE_CTRL              00000ce0   00000020  0000001a  00000006  RWIX
  PIE_VECT              00000d00   00000100  00000100  00000000  RWIX
  DMA                   00001000   00000200  000000e0  00000120  RWIX
  MCBSPA                00005000   00000040  00000025  0000001b  RWIX
  MCBSPB                00005040   00000040  00000025  0000001b  RWIX
  ECANA                 00006000   00000040  00000034  0000000c  RWIX
  ECANA_LAM             00006040   00000040  00000040  00000000  RWIX
  ECANA_MOTS            00006080   00000040  00000040  00000000  RWIX
  ECANA_MOTO            000060c0   00000040  00000040  00000000  RWIX
  ECANA_MBOX            00006100   00000100  00000100  00000000  RWIX
  ECANB                 00006200   00000040  00000034  0000000c  RWIX
  ECANB_LAM             00006240   00000040  00000040  00000000  RWIX
  ECANB_MOTS            00006280   00000040  00000040  00000000  RWIX
  ECANB_MOTO            000062c0   00000040  00000040  00000000  RWIX
  ECANB_MBOX            00006300   00000100  00000100  00000000  RWIX
  EPWM1                 00006800   00000022  00000022  00000000  RWIX
  EPWM2                 00006840   00000022  00000022  00000000  RWIX
  EPWM3                 00006880   00000022  00000022  00000000  RWIX
  EPWM4                 000068c0   00000022  00000022  00000000  RWIX
  EPWM5                 00006900   00000022  00000022  00000000  RWIX
  EPWM6                 00006940   00000022  00000022  00000000  RWIX
  ECAP1                 00006a00   00000020  00000020  00000000  RWIX
  ECAP2                 00006a20   00000020  00000020  00000000  RWIX
  ECAP3                 00006a40   00000020  00000020  00000000  RWIX
  ECAP4                 00006a60   00000020  00000020  00000000  RWIX
  ECAP5                 00006a80   00000020  00000020  00000000  RWIX
  ECAP6                 00006aa0   00000020  00000020  00000000  RWIX
  EQEP1                 00006b00   00000040  00000040  00000000  RWIX
  EQEP2                 00006b40   00000040  00000040  00000000  RWIX
  GPIOCTRL              00006f80   00000040  0000002e  00000012  RWIX
  GPIODAT               00006fc0   00000020  00000020  00000000  RWIX
  GPIOINT               00006fe0   00000020  0000000a  00000016  RWIX
  SYSTEM                00007010   00000020  00000020  00000000  RWIX
  SPIA                  00007040   00000010  00000010  00000000  RWIX
  SCIA                  00007050   00000010  00000010  00000000  RWIX
  XINTRUPT              00007070   00000010  00000010  00000000  RWIX
  ADC                   00007100   00000020  0000001e  00000002  RWIX
  SCIB                  00007750   00000010  00000010  00000000  RWIX
  SCIC                  00007770   00000010  00000010  00000000  RWIX
  I2CA                  00007900   00000040  00000022  0000001e  RWIX
  RAML4                 0000c000   00001000  0000040c  00000bf4  RWIX
  RAML5                 0000d000   00001000  00000100  00000f00  RWIX
  RAML6                 0000e000   00001000  00000000  00001000  RWIX
  RAML7                 0000f000   00001000  00000000  00001000  RWIX
  ZONE6B                0010fc00   00000400  00000400  00000000  RWIX
  CSM_PWL               0033fff8   00000008  00000008  00000000  RWIX


SECTION ALLOCATION MAP

 output                                  attributes/
section   page    origin      length       input sections
--------  ----  ----------  ----------   ----------------
.pinit     0    00008000    00000000     UNINITIALIZED

ramfuncs   0    00008000    0000001f     
                  00008000    0000001b     28335_II_SysCtrl.obj (ramfuncs)
                  0000801b    00000004     28335_II_usDelay.obj (ramfuncs)

.cinit     0    0000801f    00000016     
                  0000801f    0000000a     rts2800_ml.lib : _lock.obj (.cinit)
                  00008029    0000000a                    : exit.obj (.cinit)
                  00008033    00000002     --HOLE-- [fill = 0]

.text      0    00009000    00000858     
                  00009000    000003e8     28335_II_DMA.obj (.text)
                  000093e8    000001e9     28335_II_DefaultIsr.obj (.text)
                  000095d1    000000aa     28335_II_Gpio.obj (.text)
                  0000967b    00000072     28335_II_SysCtrl.obj (.text)
                  000096ed    00000065     DMA_Xintf_to_RAM.obj (.text)
                  00009752    00000044     rts2800_ml.lib : boot.obj (.text)
                  00009796    00000034     28335_II_Xintf.obj (.text)
                  000097ca    00000031     28335_II_PieCtrl.obj (.text)
                  000097fb    00000020     28335_II_PieVect.obj (.text)
                  0000981b    0000001b     rts2800_ml.lib : args_main.obj (.text)
                  00009836    00000019                    : exit.obj (.text)
                  0000984f    00000009                    : _lock.obj (.text)

csm_rsvd   0    0033ff80    00000000     DSECT

csmpasswds 
*          0    0033fff8    00000000     DSECT

.reset     0    003fffc0    00000002     DSECT
                  003fffc0    00000002     rts2800_ml.lib : boot.obj (.reset)

.stack     1    00000400    00000320     UNINITIALIZED
                  00000400    00000320     --HOLE--

DevEmuRegsFile 
*          1    00000880    000000d0     UNINITIALIZED
                  00000880    000000d0     28335_II_GlobalVariableDefs.obj (DevEmuRegsFile)

FlashRegsFile 
*          1    00000a80    00000008     UNINITIALIZED
                  00000a80    00000008     28335_II_GlobalVariableDefs.obj (FlashRegsFile)

CsmRegsFile 
*          1    00000ae0    00000010     UNINITIALIZED
                  00000ae0    00000010     28335_II_GlobalVariableDefs.obj (CsmRegsFile)

AdcMirrorFile 
*          1    00000b00    00000010     UNINITIALIZED
                  00000b00    00000010     28335_II_GlobalVariableDefs.obj (AdcMirrorFile)

XintfRegsFile 
*          1    00000b20    0000001e     UNINITIALIZED
                  00000b20    0000001e     28335_II_GlobalVariableDefs.obj (XintfRegsFile)

CpuTimer0RegsFile 
*          1    00000c00    00000008     UNINITIALIZED
                  00000c00    00000008     28335_II_GlobalVariableDefs.obj (CpuTimer0RegsFile)

CpuTimer1RegsFile 
*          1    00000c08    00000008     UNINITIALIZED
                  00000c08    00000008     28335_II_GlobalVariableDefs.obj (CpuTimer1RegsFile)

CpuTimer2RegsFile 
*          1    00000c10    00000008     UNINITIALIZED
                  00000c10    00000008     28335_II_GlobalVariableDefs.obj (CpuTimer2RegsFile)

PieCtrlRegsFile 
*          1    00000ce0    0000001a     UNINITIALIZED
                  00000ce0    0000001a     28335_II_GlobalVariableDefs.obj (PieCtrlRegsFile)

PieVectTableFile 
*          1    00000d00    00000100     UNINITIALIZED
                  00000d00    00000100     28335_II_GlobalVariableDefs.obj (PieVectTableFile)

DmaRegsFile 
*          1    00001000    000000e0     UNINITIALIZED
                  00001000    000000e0     28335_II_GlobalVariableDefs.obj (DmaRegsFile)

McbspaRegsFile 
*          1    00005000    00000025     UNINITIALIZED
                  00005000    00000025     28335_II_GlobalVariableDefs.obj (McbspaRegsFile)

McbspbRegsFile 
*          1    00005040    00000025     UNINITIALIZED
                  00005040    00000025     28335_II_GlobalVariableDefs.obj (McbspbRegsFile)

ECanaRegsFile 
*          1    00006000    00000034     UNINITIALIZED
                  00006000    00000034     28335_II_GlobalVariableDefs.obj (ECanaRegsFile)

ECanaLAMRegsFile 
*          1    00006040    00000040     UNINITIALIZED
                  00006040    00000040     28335_II_GlobalVariableDefs.obj (ECanaLAMRegsFile)

ECanaMOTSRegsFile 
*          1    00006080    00000040     UNINITIALIZED
                  00006080    00000040     28335_II_GlobalVariableDefs.obj (ECanaMOTSRegsFile)

ECanaMOTORegsFile 
*          1    000060c0    00000040     UNINITIALIZED
                  000060c0    00000040     28335_II_GlobalVariableDefs.obj (ECanaMOTORegsFile)

ECanaMboxesFile 
*          1    00006100    00000100     UNINITIALIZED
                  00006100    00000100     28335_II_GlobalVariableDefs.obj (ECanaMboxesFile)

ECanbRegsFile 
*          1    00006200    00000034     UNINITIALIZED
                  00006200    00000034     28335_II_GlobalVariableDefs.obj (ECanbRegsFile)

ECanbLAMRegsFile 
*          1    00006240    00000040     UNINITIALIZED
                  00006240    00000040     28335_II_GlobalVariableDefs.obj (ECanbLAMRegsFile)

ECanbMOTSRegsFile 
*          1    00006280    00000040     UNINITIALIZED
                  00006280    00000040     28335_II_GlobalVariableDefs.obj (ECanbMOTSRegsFile)

ECanbMOTORegsFile 
*          1    000062c0    00000040     UNINITIALIZED
                  000062c0    00000040     28335_II_GlobalVariableDefs.obj (ECanbMOTORegsFile)

ECanbMboxesFile 
*          1    00006300    00000100     UNINITIALIZED
                  00006300    00000100     28335_II_GlobalVariableDefs.obj (ECanbMboxesFile)

EPwm1RegsFile 
*          1    00006800    00000022     UNINITIALIZED
                  00006800    00000022     28335_II_GlobalVariableDefs.obj (EPwm1RegsFile)

EPwm2RegsFile 
*          1    00006840    00000022     UNINITIALIZED
                  00006840    00000022     28335_II_GlobalVariableDefs.obj (EPwm2RegsFile)

EPwm3RegsFile 
*          1    00006880    00000022     UNINITIALIZED
                  00006880    00000022     28335_II_GlobalVariableDefs.obj (EPwm3RegsFile)

EPwm4RegsFile 
*          1    000068c0    00000022     UNINITIALIZED
                  000068c0    00000022     28335_II_GlobalVariableDefs.obj (EPwm4RegsFile)

EPwm5RegsFile 
*          1    00006900    00000022     UNINITIALIZED
                  00006900    00000022     28335_II_GlobalVariableDefs.obj (EPwm5RegsFile)

EPwm6RegsFile 
*          1    00006940    00000022     UNINITIALIZED
                  00006940    00000022     28335_II_GlobalVariableDefs.obj (EPwm6RegsFile)

ECap1RegsFile 
*          1    00006a00    00000020     UNINITIALIZED
                  00006a00    00000020     28335_II_GlobalVariableDefs.obj (ECap1RegsFile)

ECap2RegsFile 
*          1    00006a20    00000020     UNINITIALIZED
                  00006a20    00000020     28335_II_GlobalVariableDefs.obj (ECap2RegsFile)

ECap3RegsFile 
*          1    00006a40    00000020     UNINITIALIZED
                  00006a40    00000020     28335_II_GlobalVariableDefs.obj (ECap3RegsFile)

ECap4RegsFile 
*          1    00006a60    00000020     UNINITIALIZED
                  00006a60    00000020     28335_II_GlobalVariableDefs.obj (ECap4RegsFile)

ECap5RegsFile 
*          1    00006a80    00000020     UNINITIALIZED
                  00006a80    00000020     28335_II_GlobalVariableDefs.obj (ECap5RegsFile)

ECap6RegsFile 
*          1    00006aa0    00000020     UNINITIALIZED
                  00006aa0    00000020     28335_II_GlobalVariableDefs.obj (ECap6RegsFile)

EQep1RegsFile 
*          1    00006b00    00000040     UNINITIALIZED
                  00006b00    00000040     28335_II_GlobalVariableDefs.obj (EQep1RegsFile)

EQep2RegsFile 
*          1    00006b40    00000040     UNINITIALIZED
                  00006b40    00000040     28335_II_GlobalVariableDefs.obj (EQep2RegsFile)

GpioCtrlRegsFile 
*          1    00006f80    0000002e     UNINITIALIZED
                  00006f80    0000002e     28335_II_GlobalVariableDefs.obj (GpioCtrlRegsFile)

GpioDataRegsFile 
*          1    00006fc0    00000020     UNINITIALIZED
                  00006fc0    00000020     28335_II_GlobalVariableDefs.obj (GpioDataRegsFile)

GpioIntRegsFile 
*          1    00006fe0    0000000a     UNINITIALIZED
                  00006fe0    0000000a     28335_II_GlobalVariableDefs.obj (GpioIntRegsFile)

SysCtrlRegsFile 
*          1    00007010    00000020     UNINITIALIZED
                  00007010    00000020     28335_II_GlobalVariableDefs.obj (SysCtrlRegsFile)

SpiaRegsFile 
*          1    00007040    00000010     UNINITIALIZED
                  00007040    00000010     28335_II_GlobalVariableDefs.obj (SpiaRegsFile)

SciaRegsFile 
*          1    00007050    00000010     UNINITIALIZED
                  00007050    00000010     28335_II_GlobalVariableDefs.obj (SciaRegsFile)

XIntruptRegsFile 
*          1    00007070    00000010     UNINITIALIZED
                  00007070    00000010     28335_II_GlobalVariableDefs.obj (XIntruptRegsFile)

AdcRegsFile 
*          1    00007100    0000001e     UNINITIALIZED
                  00007100    0000001e     28335_II_GlobalVariableDefs.obj (AdcRegsFile)

ScibRegsFile 
*          1    00007750    00000010     UNINITIALIZED
                  00007750    00000010     28335_II_GlobalVariableDefs.obj (ScibRegsFile)

ScicRegsFile 
*          1    00007770    00000010     UNINITIALIZED
                  00007770    00000010     28335_II_GlobalVariableDefs.obj (ScicRegsFile)

I2caRegsFile 
*          1    00007900    00000022     UNINITIALIZED
                  00007900    00000022     28335_II_GlobalVariableDefs.obj (I2caRegsFile)

DMARAML4   1    0000c000    00000400     UNINITIALIZED
                  0000c000    00000400     DMA_Xintf_to_RAM.obj (DMARAML4)

.ebss      1    0000c400    0000000c     UNINITIALIZED
                  0000c400    00000004     DMA_Xintf_to_RAM.obj (.ebss)
                  0000c404    00000004     rts2800_ml.lib : _lock.obj (.ebss)
                  0000c408    00000004                    : exit.obj (.ebss)

.econst    1    0000d000    00000100     
                  0000d000    00000100     28335_II_PieVect.obj (.econst)

ZONE6DATA 
*          1    0010fc00    00000400     UNINITIALIZED
                  0010fc00    00000400     DMA_Xintf_to_RAM.obj (ZONE6DATA)

CsmPwlFile 
*          1    0033fff8    00000008     UNINITIALIZED
                  0033fff8    00000008     28335_II_GlobalVariableDefs.obj (CsmPwlFile)


GLOBAL SYMBOLS: SORTED ALPHABETICALLY BY Name 

address    name
--------   ----
00009000   .text
00009836   C$$EXIT
0000949c   _ADCINT_ISR
00000b00   _AdcMirror
00007100   _AdcRegs
00000c00   _CpuTimer0Regs
00000c08   _CpuTimer1Regs
00000c10   _CpuTimer2Regs
0033fff8   _CsmPwl
00000ae0   _CsmRegs
00009433   _DATALOG_ISR
0000952d   _DINTCH1_ISR
0000954a   _DINTCH2_ISR
0000954f   _DINTCH3_ISR
00009554   _DINTCH4_ISR
00009559   _DINTCH5_ISR
0000955e   _DINTCH6_ISR
0000c000   _DMABuf1
0010fc00   _DMABuf2
0000900a   _DMACH1AddrConfig
00009018   _DMACH1BurstConfig
0000904b   _DMACH1ModeConfig
00009028   _DMACH1TransferConfig
00009038   _DMACH1WrapConfig
000090a9   _DMACH2AddrConfig
000090b7   _DMACH2BurstConfig
000090ea   _DMACH2ModeConfig
000090c7   _DMACH2TransferConfig
000090d7   _DMACH2WrapConfig
0000914c   _DMACH3AddrConfig
0000915e   _DMACH3BurstConfig
00009191   _DMACH3ModeConfig
0000916e   _DMACH3TransferConfig
0000917e   _DMACH3WrapConfig
000091f3   _DMACH4AddrConfig
00009205   _DMACH4BurstConfig
00009238   _DMACH4ModeConfig
00009215   _DMACH4TransferConfig
00009225   _DMACH4WrapConfig
0000929a   _DMACH5AddrConfig
000092ac   _DMACH5BurstConfig
000092df   _DMACH5ModeConfig
000092bc   _DMACH5TransferConfig
000092cc   _DMACH5WrapConfig
00009341   _DMACH6AddrConfig
00009353   _DMACH6BurstConfig
00009386   _DMACH6ModeConfig
00009363   _DMACH6TransferConfig
00009373   _DMACH6WrapConfig
0000c400   _DMADest
00009000   _DMAInitialize
0000c402   _DMASource
0000801b   _DSP28x_usDelay
00000880   _DevEmuRegs
0000968e   _DisableDog
00001000   _DmaRegs
0000958b   _ECAN0INTA_ISR
00009595   _ECAN0INTB_ISR
00009590   _ECAN1INTA_ISR
0000959a   _ECAN1INTB_ISR
000094e7   _ECAP1_INT_ISR
000094ec   _ECAP2_INT_ISR
000094f1   _ECAP3_INT_ISR
000094f6   _ECAP4_INT_ISR
000094fb   _ECAP5_INT_ISR
00009500   _ECAP6_INT_ISR
00006040   _ECanaLAMRegs
000060c0   _ECanaMOTORegs
00006080   _ECanaMOTSRegs
00006100   _ECanaMboxes
00006000   _ECanaRegs
00006240   _ECanbLAMRegs
000062c0   _ECanbMOTORegs
00006280   _ECanbMOTSRegs
00006300   _ECanbMboxes
00006200   _ECanbRegs
00006a00   _ECap1Regs
00006a20   _ECap2Regs
00006a40   _ECap3Regs
00006a60   _ECap4Regs
00006a80   _ECap5Regs
00006aa0   _ECap6Regs
000095c2   _EMPTY_ISR
0000943d   _EMUINT_ISR
000094c9   _EPWM1_INT_ISR
000094ab   _EPWM1_TZINT_ISR
000094ce   _EPWM2_INT_ISR
000094b0   _EPWM2_TZINT_ISR
000094d3   _EPWM3_INT_ISR
000094b5   _EPWM3_TZINT_ISR
000094d8   _EPWM4_INT_ISR
000094ba   _EPWM4_TZINT_ISR
000094dd   _EPWM5_INT_ISR
000094bf   _EPWM5_TZINT_ISR
000094e2   _EPWM6_INT_ISR
000094c4   _EPWM6_TZINT_ISR
00006800   _EPwm1Regs
00006840   _EPwm2Regs
00006880   _EPwm3Regs
000068c0   _EPwm4Regs
00006900   _EPwm5Regs
00006940   _EPwm6Regs
00009505   _EQEP1_INT_ISR
0000950a   _EQEP2_INT_ISR
00006b00   _EQep1Regs
00006b40   _EQep2Regs
000097e9   _EnableInterrupts
00000a80   _FlashRegs
00006f80   _GpioCtrlRegs
00006fc0   _GpioDataRegs
00006fe0   _GpioIntRegs
00009563   _I2CINT1A_ISR
00009568   _I2CINT2A_ISR
00007900   _I2caRegs
00009447   _ILLEGAL_ISR
0000941a   _INT10_ISR
0000941f   _INT11_ISR
00009424   _INT12_ISR
00009429   _INT13_ISR
0000942e   _INT14_ISR
000093ed   _INT1_ISR
000093f2   _INT2_ISR
000093f7   _INT3_ISR
000093fc   _INT4_ISR
00009401   _INT5_ISR
00009406   _INT6_ISR
0000940b   _INT7_ISR
00009410   _INT8_ISR
00009415   _INT9_ISR
00008000   _InitFlash
000095d1   _InitGpio
000096e1   _InitPeripheralClocks
000097ca   _InitPieCtrl
000097fb   _InitPieVectTable
00009696   _InitPll
0000967b   _InitSysCtrl
00009796   _InitXintf
00009621   _InitXintf16Gpio
000095d8   _InitXintf32Gpio
000095bd   _LUF_ISR
000095b8   _LVF_ISR
00009523   _MRINTA_ISR
00009519   _MRINTB_ISR
00009528   _MXINTA_ISR
0000951e   _MXINTB_ISR
00005000   _McbspaRegs
00005040   _McbspbRegs
00009442   _NMI_ISR
000095c7   _PIE_RESERVED
00000ce0   _PieCtrlRegs
00000d00   _PieVectTable
0000d000   _PieVectTableInit
00009438   _RTOSINT_ISR
000093e8   _Reset_ISR
00009577   _SCIRXINTA_ISR
00009581   _SCIRXINTB_ISR
0000956d   _SCIRXINTC_ISR
0000957c   _SCITXINTA_ISR
00009586   _SCITXINTB_ISR
00009572   _SCITXINTC_ISR
00009488   _SEQ1INT_ISR
0000948d   _SEQ2INT_ISR
0000950f   _SPIRXINTA_ISR
00009514   _SPITXINTA_ISR
00007050   _SciaRegs
00007750   _ScibRegs
00007770   _ScicRegs
00009684   _ServiceDog
00007040   _SpiaRegs
000090a1   _StartDMACH1
00009144   _StartDMACH2
000091eb   _StartDMACH3
00009292   _StartDMACH4
00009339   _StartDMACH5
000093e0   _StartDMACH6
00007010   _SysCtrlRegs
000094a1   _TINT0_ISR
00009479   _USER10_ISR
0000947e   _USER11_ISR
00009483   _USER12_ISR
0000944c   _USER1_ISR
00009451   _USER2_ISR
00009456   _USER3_ISR
0000945b   _USER4_ISR
00009460   _USER5_ISR
00009465   _USER6_ISR
0000946a   _USER7_ISR
0000946f   _USER8_ISR
00009474   _USER9_ISR
000094a6   _WAKEINT_ISR
00009492   _XINT1_ISR
00009497   _XINT2_ISR
0000959f   _XINT3_ISR
000095a4   _XINT4_ISR
000095a9   _XINT5_ISR
000095ae   _XINT6_ISR
000095b3   _XINT7_ISR
00007070   _XIntruptRegs
00000b20   _XintfRegs
00000720   __STACK_END
00000320   __STACK_SIZE
00000001   __TI_args_main
ffffffff   ___binit__
ffffffff   ___c_args__
0000801f   ___cinit__
00009858   ___etext__
ffffffff   ___pinit__
00009000   ___text__
0000981b   __args_main
0000c408   __cleanup_ptr
0000c40a   __dtors_ptr
0000c406   __lock
00009857   __nop
00009853   __register_lock
0000984f   __register_unlock
00000400   __stack
0000c404   __unlock
00009836   _abort
00009752   _c_int00
00009838   _exit
000096ed   _main
000095cc   _rsvd_ISR
ffffffff   binit
0000801f   cinit
00009858   etext
ffffffff   pinit


GLOBAL SYMBOLS: SORTED BY Symbol Address 

address    name
--------   ----
00000001   __TI_args_main
00000320   __STACK_SIZE
00000400   __stack
00000720   __STACK_END
00000880   _DevEmuRegs
00000a80   _FlashRegs
00000ae0   _CsmRegs
00000b00   _AdcMirror
00000b20   _XintfRegs
00000c00   _CpuTimer0Regs
00000c08   _CpuTimer1Regs
00000c10   _CpuTimer2Regs
00000ce0   _PieCtrlRegs
00000d00   _PieVectTable
00001000   _DmaRegs
00005000   _McbspaRegs
00005040   _McbspbRegs
00006000   _ECanaRegs
00006040   _ECanaLAMRegs
00006080   _ECanaMOTSRegs
000060c0   _ECanaMOTORegs
00006100   _ECanaMboxes
00006200   _ECanbRegs
00006240   _ECanbLAMRegs
00006280   _ECanbMOTSRegs
000062c0   _ECanbMOTORegs
00006300   _ECanbMboxes
00006800   _EPwm1Regs
00006840   _EPwm2Regs
00006880   _EPwm3Regs
000068c0   _EPwm4Regs
00006900   _EPwm5Regs
00006940   _EPwm6Regs
00006a00   _ECap1Regs
00006a20   _ECap2Regs
00006a40   _ECap3Regs
00006a60   _ECap4Regs
00006a80   _ECap5Regs
00006aa0   _ECap6Regs
00006b00   _EQep1Regs
00006b40   _EQep2Regs
00006f80   _GpioCtrlRegs
00006fc0   _GpioDataRegs
00006fe0   _GpioIntRegs
00007010   _SysCtrlRegs
00007040   _SpiaRegs
00007050   _SciaRegs
00007070   _XIntruptRegs
00007100   _AdcRegs
00007750   _ScibRegs
00007770   _ScicRegs
00007900   _I2caRegs
00008000   _InitFlash
0000801b   _DSP28x_usDelay
0000801f   ___cinit__
0000801f   cinit
00009000   .text
00009000   _DMAInitialize
00009000   ___text__
0000900a   _DMACH1AddrConfig
00009018   _DMACH1BurstConfig
00009028   _DMACH1TransferConfig
00009038   _DMACH1WrapConfig
0000904b   _DMACH1ModeConfig
000090a1   _StartDMACH1
000090a9   _DMACH2AddrConfig
000090b7   _DMACH2BurstConfig
000090c7   _DMACH2TransferConfig
000090d7   _DMACH2WrapConfig
000090ea   _DMACH2ModeConfig
00009144   _StartDMACH2
0000914c   _DMACH3AddrConfig
0000915e   _DMACH3BurstConfig
0000916e   _DMACH3TransferConfig
0000917e   _DMACH3WrapConfig
00009191   _DMACH3ModeConfig
000091eb   _StartDMACH3
000091f3   _DMACH4AddrConfig
00009205   _DMACH4BurstConfig
00009215   _DMACH4TransferConfig
00009225   _DMACH4WrapConfig
00009238   _DMACH4ModeConfig
00009292   _StartDMACH4
0000929a   _DMACH5AddrConfig
000092ac   _DMACH5BurstConfig
000092bc   _DMACH5TransferConfig
000092cc   _DMACH5WrapConfig
000092df   _DMACH5ModeConfig
00009339   _StartDMACH5
00009341   _DMACH6AddrConfig
00009353   _DMACH6BurstConfig
00009363   _DMACH6TransferConfig
00009373   _DMACH6WrapConfig
00009386   _DMACH6ModeConfig
000093e0   _StartDMACH6
000093e8   _Reset_ISR
000093ed   _INT1_ISR
000093f2   _INT2_ISR
000093f7   _INT3_ISR
000093fc   _INT4_ISR
00009401   _INT5_ISR
00009406   _INT6_ISR
0000940b   _INT7_ISR
00009410   _INT8_ISR
00009415   _INT9_ISR
0000941a   _INT10_ISR
0000941f   _INT11_ISR
00009424   _INT12_ISR
00009429   _INT13_ISR
0000942e   _INT14_ISR
00009433   _DATALOG_ISR
00009438   _RTOSINT_ISR
0000943d   _EMUINT_ISR
00009442   _NMI_ISR
00009447   _ILLEGAL_ISR
0000944c   _USER1_ISR
00009451   _USER2_ISR
00009456   _USER3_ISR
0000945b   _USER4_ISR
00009460   _USER5_ISR
00009465   _USER6_ISR
0000946a   _USER7_ISR
0000946f   _USER8_ISR
00009474   _USER9_ISR
00009479   _USER10_ISR
0000947e   _USER11_ISR
00009483   _USER12_ISR
00009488   _SEQ1INT_ISR
0000948d   _SEQ2INT_ISR
00009492   _XINT1_ISR
00009497   _XINT2_ISR
0000949c   _ADCINT_ISR
000094a1   _TINT0_ISR
000094a6   _WAKEINT_ISR
000094ab   _EPWM1_TZINT_ISR
000094b0   _EPWM2_TZINT_ISR
000094b5   _EPWM3_TZINT_ISR
000094ba   _EPWM4_TZINT_ISR
000094bf   _EPWM5_TZINT_ISR
000094c4   _EPWM6_TZINT_ISR
000094c9   _EPWM1_INT_ISR
000094ce   _EPWM2_INT_ISR
000094d3   _EPWM3_INT_ISR
000094d8   _EPWM4_INT_ISR
000094dd   _EPWM5_INT_ISR
000094e2   _EPWM6_INT_ISR
000094e7   _ECAP1_INT_ISR
000094ec   _ECAP2_INT_ISR
000094f1   _ECAP3_INT_ISR
000094f6   _ECAP4_INT_ISR
000094fb   _ECAP5_INT_ISR
00009500   _ECAP6_INT_ISR
00009505   _EQEP1_INT_ISR
0000950a   _EQEP2_INT_ISR
0000950f   _SPIRXINTA_ISR
00009514   _SPITXINTA_ISR
00009519   _MRINTB_ISR
0000951e   _MXINTB_ISR
00009523   _MRINTA_ISR
00009528   _MXINTA_ISR
0000952d   _DINTCH1_ISR
0000954a   _DINTCH2_ISR
0000954f   _DINTCH3_ISR
00009554   _DINTCH4_ISR
00009559   _DINTCH5_ISR
0000955e   _DINTCH6_ISR
00009563   _I2CINT1A_ISR
00009568   _I2CINT2A_ISR
0000956d   _SCIRXINTC_ISR
00009572   _SCITXINTC_ISR
00009577   _SCIRXINTA_ISR
0000957c   _SCITXINTA_ISR
00009581   _SCIRXINTB_ISR
00009586   _SCITXINTB_ISR
0000958b   _ECAN0INTA_ISR
00009590   _ECAN1INTA_ISR
00009595   _ECAN0INTB_ISR
0000959a   _ECAN1INTB_ISR
0000959f   _XINT3_ISR
000095a4   _XINT4_ISR
000095a9   _XINT5_ISR
000095ae   _XINT6_ISR
000095b3   _XINT7_ISR
000095b8   _LVF_ISR
000095bd   _LUF_ISR
000095c2   _EMPTY_ISR
000095c7   _PIE_RESERVED
000095cc   _rsvd_ISR
000095d1   _InitGpio
000095d8   _InitXintf32Gpio
00009621   _InitXintf16Gpio
0000967b   _InitSysCtrl
00009684   _ServiceDog
0000968e   _DisableDog
00009696   _InitPll
000096e1   _InitPeripheralClocks
000096ed   _main
00009752   _c_int00
00009796   _InitXintf
000097ca   _InitPieCtrl
000097e9   _EnableInterrupts
000097fb   _InitPieVectTable
0000981b   __args_main
00009836   C$$EXIT
00009836   _abort
00009838   _exit
0000984f   __register_unlock
00009853   __register_lock
00009857   __nop
00009858   ___etext__
00009858   etext
0000c000   _DMABuf1
0000c400   _DMADest
0000c402   _DMASource
0000c404   __unlock
0000c406   __lock
0000c408   __cleanup_ptr
0000c40a   __dtors_ptr
0000d000   _PieVectTableInit
0010fc00   _DMABuf2
0033fff8   _CsmPwl
ffffffff   ___binit__
ffffffff   ___c_args__
ffffffff   ___pinit__
ffffffff   binit
ffffffff   pinit

[226 symbols]
